// Jest Snapshot v1, https://goo.gl/fbAQLP

exports[`The Add Menu Meals Component should render AddMenuMeals component correctly 1`] = `
<div>
  <form>
    <div
      className="row"
    >
      <div
        className="col-12 subm"
      >
        <input
          onClick={[MockFunction]}
          type="submit"
          value="Save Menu"
        />
      </div>
    </div>
    <div
      className="menu-items"
    >
      <ul
        id="todayslist"
      >
        <li
          key="54"
          onClick={[Function]}
          onKeyPress={[Function]}
          role="button"
          tabIndex="0"
        >
          gfhgh
          <span
            className="sel-menu-item-price"
          >
            ₦ 
            980
          </span>
        </li>
        <li
          key="53"
          onClick={[Function]}
          onKeyPress={[Function]}
          role="button"
          tabIndex="0"
        >
          Ebaaa
          <span
            className="sel-menu-item-price"
          >
            ₦ 
            550
          </span>
        </li>
        <li
          key="51"
          onClick={[Function]}
          onKeyPress={[Function]}
          role="button"
          tabIndex="0"
        >
          Rice
          <span
            className="sel-menu-item-price"
          >
            ₦ 
            1000
          </span>
        </li>
        <li
          key="49"
          onClick={[Function]}
          onKeyPress={[Function]}
          role="button"
          tabIndex="0"
        >
          Basmatic Rice
          <span
            className="sel-menu-item-price"
          >
            ₦ 
            435
          </span>
        </li>
        <li
          key="48"
          onClick={[Function]}
          onKeyPress={[Function]}
          role="button"
          tabIndex="0"
        >
          Gbegiri ati Ewedu
          <span
            className="sel-menu-item-price"
          >
            ₦ 
            900
          </span>
        </li>
        <li
          key="43"
          onClick={[Function]}
          onKeyPress={[Function]}
          role="button"
          tabIndex="0"
        >
          Dodo
          <span
            className="sel-menu-item-price"
          >
            ₦ 
            340
          </span>
        </li>
        <li
          key="42"
          onClick={[Function]}
          onKeyPress={[Function]}
          role="button"
          tabIndex="0"
        >
          Ogbonnax
          <span
            className="sel-menu-item-price"
          >
            ₦ 
            350
          </span>
        </li>
        <li
          key="41"
          onClick={[Function]}
          onKeyPress={[Function]}
          role="button"
          tabIndex="0"
        >
          Ogbonna
          <span
            className="sel-menu-item-price"
          >
            ₦ 
            350
          </span>
        </li>
        <li
          key="38"
          onClick={[Function]}
          onKeyPress={[Function]}
          role="button"
          tabIndex="0"
        >
          Asanka
          <span
            className="sel-menu-item-price"
          >
            ₦ 
            509
          </span>
        </li>
        <li
          key="1"
          onClick={[Function]}
          onKeyPress={[Function]}
          role="button"
          tabIndex="0"
        >
          rice
          <span
            className="sel-menu-item-price"
          >
            ₦ 
            450
          </span>
        </li>
        <li
          key="2"
          onClick={[Function]}
          onKeyPress={[Function]}
          role="button"
          tabIndex="0"
        >
          abka atam
          <span
            className="sel-menu-item-price"
          >
            ₦ 
            430
          </span>
        </li>
      </ul>
    </div>
  </form>
</div>
`;
