// Jest Snapshot v1, https://goo.gl/fbAQLP

exports[`The Menu Page should render Menu Page component correctly 1`] = `
<div>
  <Connect(UserNavBar)
    isAuthenticated={false}
    visibleSideBar={true}
  />
  <div
    className="menu-page-container"
    id="container"
  >
    <h1>
      Today's Menu
    </h1>
    <MenuList
      selected={[Function]}
    />
    <Drawer
      closable={true}
      level={null}
      maskClosable={false}
      onClose={[Function]}
      placement="right"
      prefixCls="ant-drawer"
      style={
        Object {
          "height": "calc(100% - 55px)",
          "overflow": "auto",
          "paddingBottom": 53,
        }
      }
      title="Order Meal"
      visible={false}
      width={400}
    >
      <MenuForm
        extraStatus={Array []}
        extras={[Function]}
        goesWith={[Function]}
        handleChecked={[Function]}
        meal={Object {}}
        onClose={[Function]}
        onQtyChange={[Function]}
        onSave={[Function]}
        saving={false}
        totalMealPrice={0}
      />
    </Drawer>
  </div>
</div>
`;
