// Jest Snapshot v1, https://goo.gl/fbAQLP

exports[`The Set Menu Meal Page should render Set Menu Page component correctly 1`] = `
<Connect(AdminLayout)
  content={
    <div>
      <Tab
        className="manage-menu-tab-body"
        grid={
          Object {
            "paneWidth": 12,
            "tabWidth": 4,
          }
        }
        menu={
          Object {
            "pointing": true,
            "secondary": true,
          }
        }
        panes={
          Array [
            Object {
              "menuItem": "Set Menu",
              "render": [Function],
            },
            Object {
              "menuItem": "Edit Menu Meals",
              "render": [Function],
            },
            Object {
              "menuItem": "Menu History",
              "render": [Function],
            },
          ]
        }
        renderActiveOnly={true}
        value={1}
      />
    </div>
  }
  page="Set Menu"
  redirectTo={[Function]}
/>
`;
