// Jest Snapshot v1, https://goo.gl/fbAQLP

exports[`The Manage Meal Page should render Manage meal component correctly 1`] = `
<Connect(AdminLayout)
  content={
    <div>
      <Tab
        className="manage-meal-tab-body"
        grid={
          Object {
            "paneWidth": 12,
            "tabWidth": 4,
          }
        }
        menu={
          Object {
            "pointing": true,
            "secondary": true,
          }
        }
        panes={
          Array [
            Object {
              "menuItem": "View Meals",
              "render": [Function],
            },
            Object {
              "menuItem": "Add Meal",
              "render": [Function],
            },
            Object {
              "menuItem": "Add Extra",
              "render": [Function],
            },
          ]
        }
        renderActiveOnly={true}
      />
      <Drawer
        closable={true}
        level={null}
        maskClosable={false}
        onClose={[Function]}
        placement="right"
        prefixCls="ant-drawer"
        style={
          Object {
            "height": "calc(100% - 55px)",
            "overflow": "auto",
            "paddingBottom": 53,
          }
        }
        title="Update Meal"
        visible={false}
        width={400}
      >
        <MealForm
          addExtra={[Function]}
          cardImgList={Array []}
          extraOptId={0}
          extrasList={Array []}
          extrasTopList={Array []}
          goes={
            Array [
              Object {
                "category": "GoesWith",
                "id": 0,
                "price": 50,
                "title": "beef",
              },
              Object {
                "category": "GoesWith",
                "id": 0,
                "price": 200,
                "title": "fish",
              },
            ]
          }
          handleCardChange={[Function]}
          meal={Object {}}
          onChange={[Function]}
          onSave={[Function]}
          selectChange={[Function]}
          selected={[Function]}
          top={
            Array [
              Object {
                "category": "OnTop",
                "id": 0,
                "price": 150,
                "title": "chicken",
              },
              Object {
                "category": "OnTop",
                "id": 0,
                "price": 100,
                "title": "mutton",
              },
            ]
          }
        />
      </Drawer>
    </div>
  }
  page="Manage meals"
/>
`;
